
> capstone-client@0.1.0 dev
> next dev --turbopack

   ▲ Next.js 15.5.2 (Turbopack)
   - Local:        http://localhost:3000
   - Network:      http://192.168.1.33:3000
   - Environments: .env.local

 ✓ Starting...
 ✓ Compiled middleware in 79ms
 ✓ Ready in 840ms
 ○ Compiling / ...
 ✓ Compiled / in 1946ms
 GET / 200 in 2650ms
 ✓ Compiled /dashboard in 251ms
 GET /dashboard 200 in 295ms
 GET /dashboard 200 in 39ms
 ✓ Compiled /w/[id] in 208ms
 GET /w/4 200 in 465ms
 GET /w/4?env=PROD 200 in 53ms
 GET /w/4?env=DEV 200 in 63ms
 GET /w/4?env=PROD 200 in 54ms
 ✓ Compiled /w/[id]/new in 251ms
 GET /w/4/new?env=PROD 200 in 505ms
 GET /w/4?env=PROD 200 in 38ms
 ✓ Compiled /artifacts/[id]/edit in 214ms
 GET /artifacts/7/edit?workspaceId=4 200 in 470ms
 GET /w/4?env=PROD 200 in 43ms
 GET /dashboard 200 in 54ms
 GET /w/5 200 in 55ms
 GET /artifacts/5/edit?workspaceId=5 200 in 57ms
 ✓ Compiled in 78ms
 ✓ Compiled in 61ms
 ✓ Compiled in 59ms
 ✓ Compiled in 59ms
 ✓ Compiled in 70ms
 ✓ Compiled in 58ms
 GET /artifacts/5/edit?workspaceId=5 200 in 284ms
 GET / 200 in 121ms
 GET /dashboard 200 in 48ms
 GET /dashboard 200 in 45ms
 GET /w/4 200 in 106ms
 GET /artifacts/4/edit?workspaceId=4 200 in 45ms
 GET /w/4?env=DEV 200 in 43ms
 GET /w/4/new?env=DEV 200 in 52ms
 GET /w/4?env=PROD 200 in 63ms
 GET /w/4?env=PROD 200 in 45ms
 GET /w/4?env=DEV 200 in 63ms
 GET /w/4?env=PROD 200 in 53ms
 GET /w/4?env=DEV 200 in 53ms
 GET /artifacts/4/edit?workspaceId=4 200 in 54ms
 GET /w/4?env=DEV 200 in 54ms
 GET /w/4?env=PROD 200 in 46ms
 GET /w/4?env=DEV 200 in 53ms
 GET /w/4?env=PROD 200 in 64ms
 GET /w/4?env=DEV 200 in 52ms
 GET /artifacts/4/edit?workspaceId=4 200 in 54ms
 GET /w/4?env=DEV 200 in 38ms
 GET /w/4?env=PROD 200 in 49ms
 GET /artifacts/8/edit?workspaceId=4 200 in 56ms
 ✓ Compiled in 58ms
 ✓ Compiled in 60ms
 ✓ Compiled in 55ms
 GET /artifacts/8/edit?workspaceId=4 200 in 278ms
 GET /artifacts/8/edit?workspaceId=4 200 in 89ms
 GET / 200 in 84ms
 GET /dashboard 200 in 47ms
 GET /dashboard 200 in 36ms
 ✓ Compiled /login in 200ms
 GET /login 200 in 241ms
 GET /login 200 in 55ms
 GET /login 200 in 30ms
 GET /dashboard 200 in 46ms
 GET /dashboard 200 in 38ms
 ✓ Compiled /workspaces/new in 184ms
 GET /workspaces/new 200 in 216ms
 ✓ Compiled /workspaces in 209ms
 GET /workspaces 200 in 237ms
 GET /w/4 200 in 45ms
 GET /artifacts/4/edit?workspaceId=4 200 in 58ms
 GET /w/4?env=DEV 200 in 43ms
 GET /artifacts/4/edit?workspaceId=4 200 in 52ms
 GET /artifacts/4/edit?workspaceId=4 200 in 122ms
 GET /artifacts/4/edit?workspaceId=4 200 in 87ms
 GET /login 200 in 79ms
 GET /login 200 in 53ms
 GET /login 200 in 34ms
[?25h
